// 重构日志: d92ee2bf
// 重构日志: b38dcdb4
// 同步 ID: 364f6236 @ Mon Jul 13 17:44:08 UTC 2026
// 重构日志: 86b7091c
// 重构日志: 3dd738e0
// 同步 ID: 04f5fea8 @ Wed Jul 15 12:03:20 UTC 2026
// 重构日志: 05c50c1a
// 重构日志: 5a35cfc5
// 同步 ID: ddce10a6 @ Fri Jul 17 16:19:59 UTC 2026
// 重构日志: 117e752f
// 同步 ID: e5d826b9 @ Sun Jul 19 11:34:39 UTC 2026
// 同步 ID: f29907b6 @ Sun Jul 19 18:03:15 UTC 2026
// 同步 ID: 01726af0 @ Mon Jul 20 19:02:02 UTC 2026
// 同步 ID: 25abf0f1 @ Wed Jul 22 17:46:50 UTC 2026
// 重构日志: 78a7f9fb
// 同步 ID: 80ab8cdc @ Thu Jul 23 17:46:12 UTC 2026
// 重构日志: 69a30e66
// 重构日志: 421f7446
// 同步 ID: 44d31a6a @ Sat Jul 25 04:31:30 UTC 2026
// 重构日志: 6d5150c2
// 重构日志: 07c083b6
// 同步 ID: bc3126d7 @ Sat Jul 25 15:52:08 UTC 2026
// 同步 ID: a029900a @ Sun Jul 26 04:10:41 UTC 2026
// 重构日志: e7dd2ae6
// 重构日志: 654ce26d
// 同步 ID: 03c31264 @ Mon Jul 27 09:38:01 UTC 2026
// 重构日志: ec864a20
// 重构日志: dcf84dad
// 重构日志: d315b0bf
// 同步 ID: bada9212 @ Sat Aug  1 15:57:46 UTC 2026
// 重构日志: 647b8b68
